---
source: tests/unit/mcp_tool_export.rs
expression: tool
---
{
  "name": "myapp_deploy",
  "description": "Deploy the application",
  "inputSchema": {
    "properties": {
      "target": {
        "description": "Deployment target",
        "type": "string"
      }
    },
    "required": [
      "target"
    ],
    "type": "object"
  }
}
