---
source: tests/unit/mcp_tool_export.rs
assertion_line: 204
expression: tool
---
{
  "name": "myapp_deploy",
  "description": "Deploy the application",
  "inputSchema": {
    "properties": {
      "target": {
        "type": "string"
      }
    },
    "required": [
      "target"
    ],
    "type": "object"
  }
}
